[www.infoqik.com/companies/karnataka/01-agriculture/1.html]
[www.infoqik.com/detroitchicago/boise.js]
[www.infoqik.com/detroitchicago/boise420f.js]
[www.infoqik.com/detroitchicago/memphis.js]
[www.infoqik.com/detroitchicago/memphisf5cf.js]
[www.infoqik.com/detroitchicago/minneapolis.js]
[www.infoqik.com/detroitchicago/minneapolis453e.js]
[www.infoqik.com/detroitchicago/rochester.js]
[www.infoqik.com/detroitchicago/rochester9620.js]
[www.infoqik.com/detroitchicago/raleigh.js]
[www.infoqik.com/detroitchicago/raleigh2693.js]
[www.infoqik.com/detroitchicago/tampa.js]
[www.infoqik.com/detroitchicago/tampa45f7.js]
[www.infoqik.com/detroitchicago/tulsa.js]
[www.infoqik.com/detroitchicago/tulsa1fee.js]
[www.infoqik.com/assets/images/favicon.png]
[backblue.gif]
[fade.gif]
[index.html]
[use.fontawesome.com/releases/v5.7.0/css/all.css]
[maxcdn.bootstrapcdn.com/bootstrap/4.3.1/css/bootstrap.min.css]
[ajax.googleapis.com/ajax/libs/jquery/3.4.1/jquery.min.js]
[cdnjs.cloudflare.com/ajax/libs/popper.js/1.14.7/umd/popper.min.js]
[maxcdn.bootstrapcdn.com/bootstrap/4.3.1/js/bootstrap.min.js]
[www.infoqik.com/assets/css/style.css]
[www.infoqik.com/assets/images/logo.png]
[pagead2.googlesyndication.com/pagead/js/f.txt]
[www.infoqik.com/companies/karnataka/01-agriculture/2]
[www.infoqik.com/companies/karnataka/01-agriculture/3]
[www.infoqik.com/companies/karnataka/01-agriculture/4]
[www.infoqik.com/companies/karnataka/01-agriculture/5]
[www.infoqik.com/tardisrocinante/vitals.js]
[www.infoqik.com/tardisrocinante/vitals5038.js]
[www.infoqik.com/audins.js]
[go.ezoic.net/detroitchicago/audins0d9f.js]
[pixel.quantserve.com/pixel/p-31iz6hfFutd16b64b.gif]
[www.infoqik.com/beardeddragon/drake.js]
[www.infoqik.com/companies/karnataka/01-agriculture/1.html]
[www.infoqik.com/beardeddragon/drake6190.js]
[use.fontawesome.com/releases/v5.7.0/css/all.css]
[maxcdn.bootstrapcdn.com/bootstrap/4.3.1/css/bootstrap.min.css]
[www.infoqik.com/assets/css/rate-btn.25.delayed]
[www.infoqik.com/assets/css/rate-btn-hover.png]
[www.infoqik.com/assets/css/rate-stars.png]
[www.infoqik.com/assets/css/style.css]
[www.infoqik.com/companies/karnataka/01-agriculture/2.html]
[www.infoqik.com/companies/karnataka/01-agriculture/3.html]
[www.infoqik.com/companies/karnataka/01-agriculture/4.html]
[www.infoqik.com/companies/karnataka/01-agriculture/5.html]
[www.infoqik.com/audins.html]
[www.infoqik.com/detroitchicago/grapefruit.html]
